
> chatbot@1.0.0 test
> node --experimental-vm-modules node_modules/jest/bin/jest.js

  console.log
    ◇ injected env (2) from .env // tip: ⌘ override existing { override: true }

      at _log (node_modules/dotenv/lib/main.js:131:11)

(node:21456) ExperimentalWarning: VM Modules is an experimental feature and might change at any time
(Use `node --trace-warnings ...` to show where the warning was created)
  console.warn
    [Groq Rate Limit] 429 received. Retrying in 2993ms (Attempt 1/3)...

      53 |                     attempt++;
      54 |                     const waitTime = Math.pow(2, attempt) * 1000 + Math.random() * 1000;
    > 55 |                     console.warn(`[Groq Rate Limit] 429 received. Retrying in ${Math.round(waitTime)}ms (Attempt ${attempt}/${maxRetries})...`);
         |                             ^
      56 |                     await new Promise(res => setTimeout(res, waitTime));
      57 |                 } else {
      58 |                     throw error;

      at LLMClient.warn [as _callWithRetry] (src/llm.js:55:29)
      at LLMClient._call (src/llm.js:86:16)
      at LLMClient._call_cached (src/llm.js:94:31)
      at LLMClient.detect_domain (src/llm.js:191:22)
      at MatchingEngine.analyze_pair (src/matcher.js:44:38)
      at Object.<anonymous> (tests/matcher.test.js:42:24)

  console.warn
    [Groq Rate Limit] 429 received. Retrying in 4158ms (Attempt 2/3)...

      53 |                     attempt++;
      54 |                     const waitTime = Math.pow(2, attempt) * 1000 + Math.random() * 1000;
    > 55 |                     console.warn(`[Groq Rate Limit] 429 received. Retrying in ${Math.round(waitTime)}ms (Attempt ${attempt}/${maxRetries})...`);
         |                             ^
      56 |                     await new Promise(res => setTimeout(res, waitTime));
      57 |                 } else {
      58 |                     throw error;

      at LLMClient.warn [as _callWithRetry] (src/llm.js:55:29)
      at LLMClient._call (src/llm.js:86:16)
      at LLMClient._call_cached (src/llm.js:94:31)
      at LLMClient.detect_domain (src/llm.js:191:22)
      at MatchingEngine.analyze_pair (src/matcher.js:44:38)
      at Object.<anonymous> (tests/matcher.test.js:42:24)

  console.warn
    [Groq Rate Limit] 429 received. Retrying in 8510ms (Attempt 3/3)...

      53 |                     attempt++;
      54 |                     const waitTime = Math.pow(2, attempt) * 1000 + Math.random() * 1000;
    > 55 |                     console.warn(`[Groq Rate Limit] 429 received. Retrying in ${Math.round(waitTime)}ms (Attempt ${attempt}/${maxRetries})...`);
         |                             ^
      56 |                     await new Promise(res => setTimeout(res, waitTime));
      57 |                 } else {
      58 |                     throw error;

      at LLMClient.warn [as _callWithRetry] (src/llm.js:55:29)
      at LLMClient._call (src/llm.js:86:16)
      at LLMClient._call_cached (src/llm.js:94:31)
      at LLMClient.detect_domain (src/llm.js:191:22)
      at MatchingEngine.analyze_pair (src/matcher.js:44:38)
      at Object.<anonymous> (tests/matcher.test.js:42:24)

  console.warn
    [Groq Rate Limit] 429 received. Retrying in 2477ms (Attempt 1/3)...

      53 |                     attempt++;
      54 |                     const waitTime = Math.pow(2, attempt) * 1000 + Math.random() * 1000;
    > 55 |                     console.warn(`[Groq Rate Limit] 429 received. Retrying in ${Math.round(waitTime)}ms (Attempt ${attempt}/${maxRetries})...`);
         |                             ^
      56 |                     await new Promise(res => setTimeout(res, waitTime));
      57 |                 } else {
      58 |                     throw error;

      at LLMClient.warn [as _callWithRetry] (src/llm.js:55:29)
      at LLMClient._call (src/llm.js:86:16)
      at LLMClient._call_cached (src/llm.js:94:31)
      at LLMClient.detect_domain (src/llm.js:191:22)
      at MatchingEngine.analyze_pair (src/matcher.js:41:34)
      at Object.<anonymous> (tests/matcher.test.js:57:24)

  console.warn
    [Groq Rate Limit] 429 received. Retrying in 4863ms (Attempt 2/3)...

      53 |                     attempt++;
      54 |                     const waitTime = Math.pow(2, attempt) * 1000 + Math.random() * 1000;
    > 55 |                     console.warn(`[Groq Rate Limit] 429 received. Retrying in ${Math.round(waitTime)}ms (Attempt ${attempt}/${maxRetries})...`);
         |                             ^
      56 |                     await new Promise(res => setTimeout(res, waitTime));
      57 |                 } else {
      58 |                     throw error;

      at LLMClient.warn [as _callWithRetry] (src/llm.js:55:29)
      at LLMClient._call (src/llm.js:86:16)
      at LLMClient._call_cached (src/llm.js:94:31)
      at LLMClient.detect_domain (src/llm.js:191:22)
      at MatchingEngine.analyze_pair (src/matcher.js:41:34)
      at Object.<anonymous> (tests/matcher.test.js:57:24)

  console.warn
    [Groq Rate Limit] 429 received. Retrying in 8487ms (Attempt 3/3)...

      53 |                     attempt++;
      54 |                     const waitTime = Math.pow(2, attempt) * 1000 + Math.random() * 1000;
    > 55 |                     console.warn(`[Groq Rate Limit] 429 received. Retrying in ${Math.round(waitTime)}ms (Attempt ${attempt}/${maxRetries})...`);
         |                             ^
      56 |                     await new Promise(res => setTimeout(res, waitTime));
      57 |                 } else {
      58 |                     throw error;

      at LLMClient.warn [as _callWithRetry] (src/llm.js:55:29)
      at LLMClient._call (src/llm.js:86:16)
      at LLMClient._call_cached (src/llm.js:94:31)
      at LLMClient.detect_domain (src/llm.js:191:22)
      at MatchingEngine.analyze_pair (src/matcher.js:41:34)
      at Object.<anonymous> (tests/matcher.test.js:57:24)

  console.warn
    [Groq Rate Limit] 429 received. Retrying in 2584ms (Attempt 1/3)...

      53 |                     attempt++;
      54 |                     const waitTime = Math.pow(2, attempt) * 1000 + Math.random() * 1000;
    > 55 |                     console.warn(`[Groq Rate Limit] 429 received. Retrying in ${Math.round(waitTime)}ms (Attempt ${attempt}/${maxRetries})...`);
         |                             ^
      56 |                     await new Promise(res => setTimeout(res, waitTime));
      57 |                 } else {
      58 |                     throw error;

      at LLMClient.warn [as _callWithRetry] (src/llm.js:55:29)
      at LLMClient._call (src/llm.js:86:16)
      at LLMClient._call_cached (src/llm.js:94:31)
      at LLMClient.detect_domain (src/llm.js:191:22)
      at MatchingEngine.analyze_pair (src/matcher.js:41:34)
      at Object.<anonymous> (tests/matcher.test.js:75:25)

  console.warn
    [Groq Rate Limit] 429 received. Retrying in 4523ms (Attempt 2/3)...

      53 |                     attempt++;
      54 |                     const waitTime = Math.pow(2, attempt) * 1000 + Math.random() * 1000;
    > 55 |                     console.warn(`[Groq Rate Limit] 429 received. Retrying in ${Math.round(waitTime)}ms (Attempt ${attempt}/${maxRetries})...`);
         |                             ^
      56 |                     await new Promise(res => setTimeout(res, waitTime));
      57 |                 } else {
      58 |                     throw error;

      at LLMClient.warn [as _callWithRetry] (src/llm.js:55:29)
      at LLMClient._call (src/llm.js:86:16)
      at LLMClient._call_cached (src/llm.js:94:31)
      at LLMClient.detect_domain (src/llm.js:191:22)
      at MatchingEngine.analyze_pair (src/matcher.js:41:34)
      at Object.<anonymous> (tests/matcher.test.js:75:25)

  console.warn
    [Groq Rate Limit] 429 received. Retrying in 8815ms (Attempt 3/3)...

      53 |                     attempt++;
      54 |                     const waitTime = Math.pow(2, attempt) * 1000 + Math.random() * 1000;
    > 55 |                     console.warn(`[Groq Rate Limit] 429 received. Retrying in ${Math.round(waitTime)}ms (Attempt ${attempt}/${maxRetries})...`);
         |                             ^
      56 |                     await new Promise(res => setTimeout(res, waitTime));
      57 |                 } else {
      58 |                     throw error;

      at LLMClient.warn [as _callWithRetry] (src/llm.js:55:29)
      at LLMClient._call (src/llm.js:86:16)
      at LLMClient._call_cached (src/llm.js:94:31)
      at LLMClient.detect_domain (src/llm.js:191:22)
      at MatchingEngine.analyze_pair (src/matcher.js:41:34)
      at Object.<anonymous> (tests/matcher.test.js:75:25)

  console.warn
    [Groq Rate Limit] 429 received. Retrying in 2762ms (Attempt 1/1)...

      53 |                     attempt++;
      54 |                     const waitTime = Math.pow(2, attempt) * 1000 + Math.random() * 1000;
    > 55 |                     console.warn(`[Groq Rate Limit] 429 received. Retrying in ${Math.round(waitTime)}ms (Attempt ${attempt}/${maxRetries})...`);
         |                             ^
      56 |                     await new Promise(res => setTimeout(res, waitTime));
      57 |                 } else {
      58 |                     throw error;

      at LLMClient.warn [as _callWithRetry] (src/llm.js:55:29)
      at Object._callWithRetry (tests/matcher.test.js:100:27)

FAIL tests/matcher.test.js (54.301 s)
  CareerLens AI Matching Engine
    ✕ Test 01 - Perfect Match (17771 ms)
    ✕ Test 15 - Course Verification (16828 ms)
    ✕ Test 21 - Determinism (16680 ms)
    ✓ Test 27 - Rate Limit Handling (Mocked 429) (2774 ms)

  ● CareerLens AI Matching Engine › Test 01 - Perfect Match

    429 {"error":{"message":"Rate limit reached for model `openai/gpt-oss-120b` in organization `org_01kwcj8b75exb9wpcdp26vsrht` service tier `on_demand` on tokens per day (TPD): Limit 200000, Used 199524, Requested 1133. Please try again in 4m43.824s. Need more tokens? Upgrade to Dev Tier today at https://console.groq.com/settings/billing","type":"tokens","code":"rate_limit_exceeded"}}

      47 |         while (attempt <= maxRetries) {
      48 |             try {
    > 49 |                 const response = await this.client.chat.completions.create(options);
         |                                  ^
      50 |                 return response.choices[0]?.message?.content || "";
      51 |             } catch (error) {
      52 |                 if (error.status === 429 && attempt < maxRetries) {

      at Function.generate (node_modules/groq-sdk/src/core/error.ts:84:14)
      at Groq.makeStatusError (node_modules/groq-sdk/src/client.ts:286:28)
      at Groq.makeRequest (node_modules/groq-sdk/src/client.ts:506:24)
      at LLMClient._callWithRetry (src/llm.js:49:34)
      at LLMClient._call (src/llm.js:86:16)
      at LLMClient._call_cached (src/llm.js:94:31)
      at LLMClient.detect_domain (src/llm.js:191:22)
      at MatchingEngine.analyze_pair (src/matcher.js:44:38)
      at Object.<anonymous> (tests/matcher.test.js:42:24)

  ● CareerLens AI Matching Engine › Test 15 - Course Verification

    429 {"error":{"message":"Rate limit reached for model `openai/gpt-oss-120b` in organization `org_01kwcj8b75exb9wpcdp26vsrht` service tier `on_demand` on tokens per day (TPD): Limit 200000, Used 199485, Requested 907. Please try again in 2m49.344s. Need more tokens? Upgrade to Dev Tier today at https://console.groq.com/settings/billing","type":"tokens","code":"rate_limit_exceeded"}}

      47 |         while (attempt <= maxRetries) {
      48 |             try {
    > 49 |                 const response = await this.client.chat.completions.create(options);
         |                                  ^
      50 |                 return response.choices[0]?.message?.content || "";
      51 |             } catch (error) {
      52 |                 if (error.status === 429 && attempt < maxRetries) {

      at Function.generate (node_modules/groq-sdk/src/core/error.ts:84:14)
      at Groq.makeStatusError (node_modules/groq-sdk/src/client.ts:286:28)
      at Groq.makeRequest (node_modules/groq-sdk/src/client.ts:506:24)
      at LLMClient._callWithRetry (src/llm.js:49:34)
      at LLMClient._call (src/llm.js:86:16)
      at LLMClient._call_cached (src/llm.js:94:31)
      at LLMClient.detect_domain (src/llm.js:191:22)
      at MatchingEngine.analyze_pair (src/matcher.js:41:34)
      at Object.<anonymous> (tests/matcher.test.js:57:24)

  ● CareerLens AI Matching Engine › Test 21 - Determinism

    429 {"error":{"message":"Rate limit reached for model `openai/gpt-oss-120b` in organization `org_01kwcj8b75exb9wpcdp26vsrht` service tier `on_demand` on tokens per day (TPD): Limit 200000, Used 199446, Requested 903. Please try again in 2m30.768s. Need more tokens? Upgrade to Dev Tier today at https://console.groq.com/settings/billing","type":"tokens","code":"rate_limit_exceeded"}}

      47 |         while (attempt <= maxRetries) {
      48 |             try {
    > 49 |                 const response = await this.client.chat.completions.create(options);
         |                                  ^
      50 |                 return response.choices[0]?.message?.content || "";
      51 |             } catch (error) {
      52 |                 if (error.status === 429 && attempt < maxRetries) {

      at Function.generate (node_modules/groq-sdk/src/core/error.ts:84:14)
      at Groq.makeStatusError (node_modules/groq-sdk/src/client.ts:286:28)
      at Groq.makeRequest (node_modules/groq-sdk/src/client.ts:506:24)
      at LLMClient._callWithRetry (src/llm.js:49:34)
      at LLMClient._call (src/llm.js:86:16)
      at LLMClient._call_cached (src/llm.js:94:31)
      at LLMClient.detect_domain (src/llm.js:191:22)
      at MatchingEngine.analyze_pair (src/matcher.js:41:34)
      at Object.<anonymous> (tests/matcher.test.js:75:25)

Test Suites: 1 failed, 1 total
Tests:       3 failed, 1 passed, 4 total
Snapshots:   0 total
Time:        54.393 s, estimated 77 s
Ran all test suites.
